git branch

non fa niente, si limita ad elencare la lista dei branch esistenti.

PS C:\Users\chris\Documents\Corso Git> git branch
* master


se scrivo:
git branch <nomeDelBranch>
creerò un nuovo branch, basato sull'HEAD corrente, ossia sulla commit in cui sta putando l'HEAD

git branch bugfix
La console non mi logga niente, e NON MI SPOSTA in automatico sul nuovo branch.
Si limita a crearne uno, che posso vedere con il comando git branch

PS C:\Users\chris\Documents\Corso Git> git branch
  bugfix
* master

L'asterisco mi indica il branch in cui mi trovo.

per switchare ad un altro branch, possiamo scrivere
git switch <nomeDelBranch>

se mi sposto sul branch, e committo qualcosa, dai log vedrò che:

PS C:\Users\chris\Documents\Corso Git> git log --oneline
d0f968f (HEAD -> bugfix2) altro branch
8e2ca3a (master) aggiunte info alla sezione sul branching
3f81b3f aggiunto capitolo sul branch

il master è rimasto indietro di una commit.

Ovviamente, se torno sul master, le modifiche verranno "magicamente" rimosse, e tornerò al checkpoint master.


# ELIMINARE O RINOMINARE UN BRANCH #
A volte (Solitamente dopo aver mergiato un branch), può capitare di doverlo eliminare, perché non si vuole più averlo li, fluttuante, senza un motivo.

in questo caso, possiamo usare il comando:
git branch -d <nomeDelBranchDaCancellare>

Ovviamente, NON POSSO STARE sopra al branch da cancellare.

PS C:\Users\chris\Documents\Corso Git> git branch -d bugfix
error: The branch 'bugfix' is not fully merged.
If you are sure you want to delete it, run 'git branch -D bugfix'.

Uuuh, git ci sta notificando che le modifiche di quel branch, non sono state correttamente mergiate con il branch in cui mi trovo.

Se sono sicuro di voler eliminare comunque quel branch, e tutte le modifiche che contiene, SENZA PIU POSSIBILITA DI RIPRENDERLE, posso usare la -D maiuscola.

git branch -D 

git branch -D bugfix
Deleted branch bugfix (was 8ef3800).


# RINOMINARE #
Infine, se voglio rinominare un branch, posso usare
git branch -m 
in questo caso, al contrario della delete, devo SPOSTARMI SOPRA AL BRANCH che voglio rinominare.

PS C:\Users\chris\Documents\Corso Git> git branch -m branchRinominato
PS C:\Users\chris\Documents\Corso Git> git branch
* branchRinominato
  bugfix2
  master

  la -m sta per Move/Rename

  